I'm sorry, but errors were detected in your script. Please correct the
errors listed below, and try again.


File "game/scripts/E4/E4_IRO_vietnamese_AUTO.rpy", line 554: Could not parse string.
(Perhaps you left out a " at the end of the first line.)
    old "Speaking of which, one of my friends from the club asked me: \"
        new "Nhân tiện nói về chuyện này, một người bạn trong câu lạc bộ có hỏi tớ là: \"Cậu và Hikigaya là gì của nhau thế?\""

Ren'Py Version: Ren'Py 8.0.3.22090809
Tue May 19 00:38:18 2026
